[TestDataCable - 1]
scopedb.Schema{
    &scopedb.FieldSchema{Name:"ts", Type:"timestamp"},
    &scopedb.FieldSchema{Name:"name", Type:"string"},
    &scopedb.FieldSchema{Name:"var", Type:"object"},
}
---

[TestDataCable - 2]
[][]scopedb.Value{
    {
        time.Date(1970, time.January, 4, 15, 36, 0, 0, time.UTC),
        "scopedb",
        "{\"arbitrary\":\"Schema On The Fly\",\"name\":\"scopedb\",\"ts\":315360000000000}",
    },
    {
        time.Date(1970, time.January, 4, 21, 11, 43, 360000000, time.UTC),
        "tison",
        "{\"arbitrary\":27,\"name\":\"tison\",\"ts\":335503360000000}",
    },
}
---
