
[TestStatementFailure - 1]
0: failed to prepare statement: "SELECT REGEXP_MATCH('some text', 'malformed regex: \\d')"
1: failed to parse input

========================================

error: failed to execute statement
 --> ScopeQL:1:34
  |
1 | SELECT REGEXP_MATCH('some text', 'malformed regex: \d')
  |        ^^^^^^^^^^^^              ^^^^^^^^^^^^^^^^^^^^^ invalid escape or unicode
  |        |
  |        while parsing expression
  |

---
